// Jest Snapshot v1, https://goo.gl/fbAQLP

exports[`ProfileIsEdited renders without fail 1`] = `ShallowWrapper {}`;
