// Jest Snapshot v1, https://goo.gl/fbAQLP

exports[`<ProfileComponet /> it should render component without fail 1`] = `ShallowWrapper {}`;
