// Jest Snapshot v1, https://goo.gl/fbAQLP

exports[`render PopUp with shallow should match snapshot 1`] = `ShallowWrapper {}`;
