// Jest Snapshot v1, https://goo.gl/fbAQLP

exports[`ConfirmEmailPage should match snapshot 1`] = `ShallowWrapper {}`;
