// Jest Snapshot v1, https://goo.gl/fbAQLP

exports[`ResetPasswordPage should match snapshot 1`] = `ShallowWrapper {}`;
