// Jest Snapshot v1, https://goo.gl/fbAQLP

exports[`hello should match snapshot 1`] = `ShallowWrapper {}`;
