// Jest Snapshot v1, https://goo.gl/fbAQLP

exports[`<Comment /> should match the snapshot 1`] = `ShallowWrapper {}`;
