// Jest Snapshot v1, https://goo.gl/fbAQLP

exports[`App should match snapshot 1`] = `ShallowWrapper {}`;

exports[`App should match snapshot 2`] = `ShallowWrapper {}`;

exports[`App should match snapshot 3`] = `ShallowWrapper {}`;
