// Jest Snapshot v1, https://goo.gl/fbAQLP

exports[`createArticleView should match snapshot 1`] = `ShallowWrapper {}`;
