// Jest Snapshot v1, https://goo.gl/fbAQLP

exports[`ConfirmEmailForm should match snapshot 1`] = `ShallowWrapper {}`;

exports[`ConfirmEmailForm should match snapshot 2`] = `ShallowWrapper {}`;
