// Jest Snapshot v1, https://goo.gl/fbAQLP

exports[`ResetPasswordForm should match snapshot 1`] = `ShallowWrapper {}`;

exports[`ResetPasswordForm should match snapshot 2`] = `ShallowWrapper {}`;
