// Jest Snapshot v1, https://goo.gl/fbAQLP

exports[`render SignInPage with shallow should match snapshot 1`] = `ShallowWrapper {}`;
